******************************************************************************
                  TI ARM Linker Unix v20.2.6                   
******************************************************************************
>> Linked Wed Dec  3 12:21:51 2025

OUTPUT FILE NAME:   <LabProject.out>
ENTRY POINT SYMBOL: "_c_int00_noargs"  address: 00000e59


MEMORY CONFIGURATION

         name            origin    length      used     unused   attr    fill
----------------------  --------  ---------  --------  --------  ----  --------
  MAIN                  00000000   00040000  00000f04  0003f0fc  R  X
  INFO                  00200000   00004000  00000000  00004000  R  X
  SRAM_CODE             01000000   00010000  0000022c  0000fdd4  RW X
  SRAM_DATA             20000000   00010000  0000022c  0000fdd4  RW  


SEGMENT ALLOCATION MAP

run origin  load origin   length   init length attrs members
----------  ----------- ---------- ----------- ----- -------
00000000    00000000    00000f08   00000f08    r-x
  00000000    00000000    000000e4   000000e4    r-- .intvecs
  000000e4    000000e4    00000de8   00000de8    r-x .text
  00000ed0    00000ed0    00000038   00000038    r-- .cinit
20000000    20000000    0000002c   00000000    rw-
  20000000    20000000    0000001c   00000000    rw- .data
  2000001c    2000001c    00000010   00000000    rw- .bss
2000fe00    2000fe00    00000200   00000000    rw-
  2000fe00    2000fe00    00000200   00000000    rw- .stack


SECTION ALLOCATION MAP

 output                                  attributes/
section   page    origin      length       input sections
--------  ----  ----------  ----------   ----------------
.intvecs   0    00000000    000000e4     
                  00000000    000000e4     startup_msp432p401r_ccs.obj (.intvecs:retain)

.text      0    000000e4    00000de8     
                  000000e4    00000718     stage2.obj (.text)
                  000007fc    00000334     system_msp432p401r.obj (.text)
                  00000b30    000001e0     Clock.obj (.text)
                  00000d10    0000009c     rtsv7M4_T_le_v4SPD16_eabi.lib : memcpy_t2.asm.obj (.text)
                  00000dac    00000068                                   : copy_decompress_lzss.c.obj (.text:decompress:lzss:__TI_decompress_lzss)
                  00000e14    00000044                                   : autoinit.c.obj (.text:__TI_auto_init_nobinit_nopinit:__TI_auto_init_nobinit_nopinit)
                  00000e58    00000034                                   : boot_cortex_m.c.obj (.text:_c_int00_noargs:_c_int00_noargs)
                  00000e8c    0000001c                                   : copy_zero_init.c.obj (.text:decompress:ZI:__TI_zero_init_nomemset:__TI_zero_init_nomemset)
                  00000ea8    0000000e                                   : copy_decompress_none.c.obj (.text:decompress:none:__TI_decompress_none)
                  00000eb6    0000000e     startup_msp432p401r_ccs.obj (.text)
                  00000ec4    00000004     rtsv7M4_T_le_v4SPD16_eabi.lib : pre_init.c.obj (.text:_system_pre_init)
                  00000ec8    00000004                                   : exit.c.obj (.text:abort:abort)

.cinit     0    00000ed0    00000038     
                  00000ed0    0000000d     (.cinit..data.load) [load image, compression = lzss]
                  00000edd    00000003     --HOLE-- [fill = 0]
                  00000ee0    0000000c     (__TI_handler_table)
                  00000eec    00000004     --HOLE-- [fill = 0]
                  00000ef0    00000008     (.cinit..bss.load) [load image, compression = zero_init]
                  00000ef8    00000010     (__TI_cinit_table)

.init_array 
*          0    00000000    00000000     UNINITIALIZED

.binit     0    00000000    00000000     

.data      0    20000000    0000001c     UNINITIALIZED
                  20000000    00000018     Clock.obj (.data)
                  20000018    00000004     system_msp432p401r.obj (.data)

.bss       0    2000001c    00000010     UNINITIALIZED
                  2000001c    00000004     (.common:left_count)
                  20000020    00000004     (.common:right_count)
                  20000024    00000002     (.common:first_left)
                  20000026    00000002     (.common:first_right)
                  20000028    00000002     (.common:period_left)
                  2000002a    00000002     (.common:period_right)

.stack     0    2000fe00    00000200     UNINITIALIZED
                  2000fe00    00000004     rtsv7M4_T_le_v4SPD16_eabi.lib : boot_cortex_m.c.obj (.stack)
                  2000fe04    000001fc     --HOLE--

__llvm_prf_cnts 
*          0    20000000    00000000     UNINITIALIZED

MODULE SUMMARY

       Module                        code   ro data   rw data
       ------                        ----   -------   -------
    ./
       stage2.obj                    1816   0         32     
       system_msp432p401r.obj        820    0         8      
       Clock.obj                     480    0         48     
       startup_msp432p401r_ccs.obj   14     228       0      
    +--+-----------------------------+------+---------+---------+
       Total:                        3130   228       88     
                                                             
    /Applications/ti/ccs1200/ccs/tools/compiler/ti-cgt-arm_20.2.6.LTS/lib/rtsv7M4_T_le_v4SPD16_eabi.lib
       memcpy_t2.asm.obj             156    0         0      
       copy_decompress_lzss.c.obj    104    0         0      
       autoinit.c.obj                68     0         0      
       boot_cortex_m.c.obj           52     0         0      
       copy_zero_init.c.obj          28     0         0      
       copy_decompress_none.c.obj    14     0         0      
       exit.c.obj                    4      0         0      
       pre_init.c.obj                4      0         0      
    +--+-----------------------------+------+---------+---------+
       Total:                        430    0         0      
                                                             
       Stack:                        0      0         1024   
       Linker Generated:             0      49        0      
    +--+-----------------------------+------+---------+---------+
       Grand Total:                  3560   277       1112   


LINKER GENERATED COPY TABLES

__TI_cinit_table @ 00000ef8 records: 2, size/record: 8, table size: 16
	.data: load addr=00000ed0, load size=0000000d bytes, run addr=20000000, run size=0000001c bytes, compression=lzss
	.bss: load addr=00000ef0, load size=00000008 bytes, run addr=2000001c, run size=00000010 bytes, compression=zero_init


LINKER GENERATED HANDLER TABLE

__TI_handler_table @ 00000ee0 records: 3, size/record: 4, table size: 12
	index: 0, handler: __TI_decompress_lzss
	index: 1, handler: __TI_decompress_none
	index: 2, handler: __TI_zero_init


GLOBAL SYMBOLS: SORTED ALPHABETICALLY BY Name 

address   name                          
-------   ----                          
00000ec3  ADC14_IRQHandler              
00000ec3  AES256_IRQHandler             
00000ec3  BusFault_Handler              
00000ec9  C$$EXIT                       
00000ec3  COMP_E0_IRQHandler            
00000ec3  COMP_E1_IRQHandler            
20000008  CPMwait                       
00000ec3  CS_IRQHandler                 
20000000  ClockFrequency                
00000c85  Clock_Delay1ms                
00000c5b  Clock_Delay1us                
00000c47  Clock_GetFreq                 
00000b31  Clock_Init48MHz               
20000014  Crystalstable                 
00000ec3  DMA_ERR_IRQHandler            
00000ec3  DMA_INT0_IRQHandler           
00000ec3  DMA_INT1_IRQHandler           
00000ec3  DMA_INT2_IRQHandler           
00000ec3  DMA_INT3_IRQHandler           
00000ec3  DebugMon_Handler              
00000ec3  Default_Handler               
00000ec3  EUSCIA0_IRQHandler            
00000ec3  EUSCIA1_IRQHandler            
00000ec3  EUSCIA2_IRQHandler            
00000ec3  EUSCIA3_IRQHandler            
00000ec3  EUSCIB0_IRQHandler            
00000ec3  EUSCIB1_IRQHandler            
00000ec3  EUSCIB2_IRQHandler            
00000ec3  EUSCIB3_IRQHandler            
00000ec3  FLCTL_IRQHandler              
00000ec3  FPU_IRQHandler                
00000ec3  HardFault_Handler             
20000010  IFlags                        
0000017b  IR_Init                       
00000ec3  MemManage_Handler             
00000ec3  NMI_Handler                   
00000ec3  PCM_IRQHandler                
00000ec3  PORT1_IRQHandler              
00000ec3  PORT2_IRQHandler              
00000ec3  PORT3_IRQHandler              
00000ec3  PORT4_IRQHandler              
00000ec3  PORT5_IRQHandler              
00000ec3  PORT6_IRQHandler              
00000ec3  PSS_IRQHandler                
00000ec3  PendSV_Handler                
2000000c  Postwait                      
20000004  Prewait                       
00000ec3  RTC_C_IRQHandler              
00000eb7  Reset_Handler                 
00000ec3  SVC_Handler                   
00000ec3  SysTick_Handler               
20000018  SystemCoreClock               
000007fd  SystemCoreClockUpdate         
00000a75  SystemInit                    
00000ec3  T32_INT1_IRQHandler           
00000ec3  T32_INT2_IRQHandler           
00000ec3  T32_INTC_IRQHandler           
00000ec3  TA0_0_IRQHandler              
00000ec3  TA0_N_IRQHandler              
00000ec3  TA1_0_IRQHandler              
00000ec3  TA1_N_IRQHandler              
00000ec3  TA2_0_IRQHandler              
00000ec3  TA2_N_IRQHandler              
000003a1  TA3_0_IRQHandler              
000003a1  TA3_0_IRQHandler              
000003df  TA3_N_IRQHandler              
000003df  TA3_N_IRQHandler              
00000ec3  UsageFault_Handler            
4000480c  WDTCTL_SYM                    
00000ec3  WDT_A_IRQHandler              
20010000  __STACK_END                   
00000200  __STACK_SIZE                  
00000ef8  __TI_CINIT_Base               
00000f08  __TI_CINIT_Limit              
00000ee0  __TI_Handler_Table_Base       
00000eec  __TI_Handler_Table_Limit      
00000e15  __TI_auto_init_nobinit_nopinit
00000dad  __TI_decompress_lzss          
00000ea9  __TI_decompress_none          
ffffffff  __TI_pprof_out_hndl           
ffffffff  __TI_prof_data_size           
ffffffff  __TI_prof_data_start          
00000000  __TI_static_base__            
00000e8d  __TI_zero_init_nomemset       
00000d11  __aeabi_memcpy                
00000d11  __aeabi_memcpy4               
00000d11  __aeabi_memcpy8               
ffffffff  __binit__                     
ffffffff  __c_args__                    
UNDEFED   __mpu_init                    
2000fe00  __stack                       
20000000  __start___llvm_prf_cnts       
20000000  __stop___llvm_prf_cnts        
00000e59  _c_int00_noargs               
UNDEFED   _system_post_cinit            
00000ec5  _system_pre_init              
00000ec9  abort                         
ffffffff  binit                         
00000c4d  delay                         
20000024  first_left                    
20000026  first_right                   
0000041d  get_left_rpm                  
00000429  get_right_rpm                 
00000000  interruptVectors              
00000139  led_init                      
0000030f  left_backward                 
2000001c  left_count                    
00000303  left_forward                  
00000519  main                          
00000d11  memcpy                        
00000251  motor_init                    
000002d9  move                          
20000028  period_left                   
2000002a  period_right                  
000001eb  pwm_init34                    
00000327  right_backward                
20000020  right_count                   
0000031b  right_forward                 
00000451  rotate_left                   
00000435  rotate_right                  
000000e5  systick_init                  
000000f5  systick_wait1ms               
0000010d  systick_wait1s                
00000333  timer_A3_capture_init         
00000163  turn_on_led                   


GLOBAL SYMBOLS: SORTED BY Symbol Address 

address   name                          
-------   ----                          
00000000  __TI_static_base__            
00000000  interruptVectors              
000000e5  systick_init                  
000000f5  systick_wait1ms               
0000010d  systick_wait1s                
00000139  led_init                      
00000163  turn_on_led                   
0000017b  IR_Init                       
000001eb  pwm_init34                    
00000200  __STACK_SIZE                  
00000251  motor_init                    
000002d9  move                          
00000303  left_forward                  
0000030f  left_backward                 
0000031b  right_forward                 
00000327  right_backward                
00000333  timer_A3_capture_init         
000003a1  TA3_0_IRQHandler              
000003a1  TA3_0_IRQHandler              
000003df  TA3_N_IRQHandler              
000003df  TA3_N_IRQHandler              
0000041d  get_left_rpm                  
00000429  get_right_rpm                 
00000435  rotate_right                  
00000451  rotate_left                   
00000519  main                          
000007fd  SystemCoreClockUpdate         
00000a75  SystemInit                    
00000b31  Clock_Init48MHz               
00000c47  Clock_GetFreq                 
00000c4d  delay                         
00000c5b  Clock_Delay1us                
00000c85  Clock_Delay1ms                
00000d11  __aeabi_memcpy                
00000d11  __aeabi_memcpy4               
00000d11  __aeabi_memcpy8               
00000d11  memcpy                        
00000dad  __TI_decompress_lzss          
00000e15  __TI_auto_init_nobinit_nopinit
00000e59  _c_int00_noargs               
00000e8d  __TI_zero_init_nomemset       
00000ea9  __TI_decompress_none          
00000eb7  Reset_Handler                 
00000ec3  ADC14_IRQHandler              
00000ec3  AES256_IRQHandler             
00000ec3  BusFault_Handler              
00000ec3  COMP_E0_IRQHandler            
00000ec3  COMP_E1_IRQHandler            
00000ec3  CS_IRQHandler                 
00000ec3  DMA_ERR_IRQHandler            
00000ec3  DMA_INT0_IRQHandler           
00000ec3  DMA_INT1_IRQHandler           
00000ec3  DMA_INT2_IRQHandler           
00000ec3  DMA_INT3_IRQHandler           
00000ec3  DebugMon_Handler              
00000ec3  Default_Handler               
00000ec3  EUSCIA0_IRQHandler            
00000ec3  EUSCIA1_IRQHandler            
00000ec3  EUSCIA2_IRQHandler            
00000ec3  EUSCIA3_IRQHandler            
00000ec3  EUSCIB0_IRQHandler            
00000ec3  EUSCIB1_IRQHandler            
00000ec3  EUSCIB2_IRQHandler            
00000ec3  EUSCIB3_IRQHandler            
00000ec3  FLCTL_IRQHandler              
00000ec3  FPU_IRQHandler                
00000ec3  HardFault_Handler             
00000ec3  MemManage_Handler             
00000ec3  NMI_Handler                   
00000ec3  PCM_IRQHandler                
00000ec3  PORT1_IRQHandler              
00000ec3  PORT2_IRQHandler              
00000ec3  PORT3_IRQHandler              
00000ec3  PORT4_IRQHandler              
00000ec3  PORT5_IRQHandler              
00000ec3  PORT6_IRQHandler              
00000ec3  PSS_IRQHandler                
00000ec3  PendSV_Handler                
00000ec3  RTC_C_IRQHandler              
00000ec3  SVC_Handler                   
00000ec3  SysTick_Handler               
00000ec3  T32_INT1_IRQHandler           
00000ec3  T32_INT2_IRQHandler           
00000ec3  T32_INTC_IRQHandler           
00000ec3  TA0_0_IRQHandler              
00000ec3  TA0_N_IRQHandler              
00000ec3  TA1_0_IRQHandler              
00000ec3  TA1_N_IRQHandler              
00000ec3  TA2_0_IRQHandler              
00000ec3  TA2_N_IRQHandler              
00000ec3  UsageFault_Handler            
00000ec3  WDT_A_IRQHandler              
00000ec5  _system_pre_init              
00000ec9  C$$EXIT                       
00000ec9  abort                         
00000ee0  __TI_Handler_Table_Base       
00000eec  __TI_Handler_Table_Limit      
00000ef8  __TI_CINIT_Base               
00000f08  __TI_CINIT_Limit              
20000000  ClockFrequency                
20000000  __start___llvm_prf_cnts       
20000000  __stop___llvm_prf_cnts        
20000004  Prewait                       
20000008  CPMwait                       
2000000c  Postwait                      
20000010  IFlags                        
20000014  Crystalstable                 
20000018  SystemCoreClock               
2000001c  left_count                    
20000020  right_count                   
20000024  first_left                    
20000026  first_right                   
20000028  period_left                   
2000002a  period_right                  
2000fe00  __stack                       
20010000  __STACK_END                   
4000480c  WDTCTL_SYM                    
ffffffff  __TI_pprof_out_hndl           
ffffffff  __TI_prof_data_size           
ffffffff  __TI_prof_data_start          
ffffffff  __binit__                     
ffffffff  __c_args__                    
ffffffff  binit                         
UNDEFED   __mpu_init                    
UNDEFED   _system_post_cinit            

[125 symbols]
